┌─ ⓪  doraemon ─────── SPC b ─┐ ┌─ ①  ───────────────────────────────────────────────────────────────────────────────────────────────────────────────────────┐
│  an                    5/15 │ │                                                                                                                             │
│──────────────────────────────│ │                                                                                                                             │
│ ▾  doraemon                 │ │                                                                                                                             │
│   ▾  agentable              │ │                                                                                                                             │
│     ▾  Tables (1)           │ │                                                                                                                             │
│       ▸  planner          3 │ │                                                                                                                             │
│   ▾  public                 │ │                                                                                                                             │
│     ▾  Tables (14)          │ │                                                                                                                             │
│       ▸  agent          124 │ │                                                                                                                             │
│       ▸  agent_version  530 │ │                                                                                                                             │
│       ▸  schema_migrations  │ │                                                                                                                             │
│       ▸  t_payment     410k │ │                                                                                                                             │
│                              │ │                                                                                                                             │
│                              │ │                                                                                                                             │
│                              │ │                                                                                                                             │
│                              │ │                                                                                                                             │
│                              │ │                                                                                                                             │
│                              │ │                                                                                                                             │
│                              │ │                                                                                                                             │
│                              │ │                                                                                                                             │
│                              │ │                                                                                                                             │
│                              │ │                                                                                                                             │
│                              │ │                                                                                                                             │
│                              │ │                                                                                                                             │
│                              │ │                                                                                                                             │
│                              │ │                                                                                                                             │
│                              │ │                                                                                                                             │
│                              │ │                                                                                                                             │
│                              │ │                                                                                                                             │
│                              │ │                                                                                                                             │
│                              │ │                                                                                                                             │
│                              │ │                                                                                                                             │
│                              │ │                                                                                                                             │
│                              │ │                                                                                                                             │
│                              │ │                                                                                                                             │
│                              │ │                                                                                                                             │
│                              │ │                                                                                                                             │
│                              │ │                                                                                                                             │
│                              │ │                                                                                                                             │
│                              │ │                                                                                                                             │
│──────────────────────────────│ │                                                                                                                             │
│ j/k move · ↵ open · t tab    │ │ +                                                                                                                           │
└──────────────────────────────┘ └─────────────────────────────────────────────────────────────────────────────────────────────────────────────────────────────┘
  doraemon ▾  0: data*                                                                                                      ·     pg@localhost:5432  INSERT 