┌─ ⓪  doraemon ─────── SPC b ─┐ ┌─ ①  t_order ───────────────────────────────────────────────────────────────────────────────────────────────────────────────┐
│  15 tables                  │ │ WHERE                                                                                                                     ▾ │
│──────────────────────────────│ │  ORDER id    LIMIT 100   PAGE 1/?   COLS 7/7     1                                                     auto · … 行 · 0s │
│ ▾  doraemon                 │ │    │  id │ status │ amount │ paid │ meta                        │ note                             │ created_at            │
│   ▸  agentable              │ │────┼──────┼────────┼────────┼──────┼─────────────────────────────┼──────────────────────────────────┼───────────────────────│
│   ▾  public                 │ │  1 │    1 │ done   │   1.99 │ t    │ {"n": 1, "tags": ["a", "b"… │ note 1                           │ 2026-09-01 00:01:00…  │
│     ▾  Tables (14)          │ │  2 │    2 │ done   │   2.99 │ t    │ {"n": 2, "tags": ["a", "b"… │ line one↵line two after tab [31… │ 2026-09-01 00:02:00…  │
│       ▸  agent          124 │ │  3 │    3 │ failed │   3.99 │ t    │ {"n": 3, "tags": ["a", "b"… │ <null>                           │ 2026-09-01 00:03:00…  │
│       ▸  agent_version  530 │ │  4 │    4 │ pendi… │   4.99 │ t    │ {"n": 4, "tags": ["a", "b"… │ note 4                           │ 2026-09-01 00:04:00…  │
│       ▸  goal            57 │ │  5 │    5 │ runni… │   5.99 │ t    │ {"n": 5, "tags": ["a", "b"… │ line one↵line two after tab [31… │ 2026-09-01 00:05:00…  │
│       ▸  mt_task        812 │ │  6 │    6 │ done   │   6.99 │ t    │ {"n": 6, "tags": ["a", "b"… │ <null>                           │ 2026-09-01 00:06:00…  │
│       ▸  mt_task_log    96k │ │  7 │    7 │ failed │   7.99 │ t    │ {"n": 7, "tags": ["a", "b"… │ note 7                           │ 2026-09-01 00:07:00…  │
│       ▸  schema_migrations  │ │  8 │    8 │ pendi… │   8.99 │ t    │ {"n": 8, "tags": ["a", "b"… │ line one↵line two after tab [31… │ 2026-09-01 00:08:00…  │
│       ▸  t_order       1.2m │ │  9 │    9 │ runni… │   9.99 │ t    │ {"n": 9, "tags": ["a", "b"… │ <null>                           │ 2026-09-01 00:09:00…  │
│       ▸  t_order_item  3.4m │ │ 10 │   10 │ done   │  10.99 │ t    │ {"n": 10, "tags": ["a", "b… │ note 10                          │ 2026-09-01 00:10:00…  │
│       ▸  t_payment     410k │ │ 11 │   11 │ failed │  11.99 │ t    │ {"n": 11, "tags": ["a", "b… │ line one↵line two after tab [31… │ 2026-09-01 00:11:00…  │
│       ▸  t_refund       12k │ │ 12 │   12 │ pendi… │  12.99 │ t    │ {"n": 12, "tags": ["a", "b… │ <null>                           │ 2026-09-01 00:12:00…  │
│       ▸  t_sku         8.1k │ │ 13 │   13 │ runni… │  13.99 │ t    │ {"n": 13, "tags": ["a", "b… │ note 13                          │ 2026-09-01 00:13:00…  │
│       ▸  t_user         38k │ │ 14 │   14 │ done   │  14.99 │ t    │ {"n": 14, "tags": ["a", "b… │ line one↵line two after tab [31… │ 2026-09-01 00:14:00…  │
│       ▸  t_user_address 52k │ │ 15 │   15 │ failed │  1┌─────────────────────────────────────────┐ <null>                           │ 2026-09-01 00:15:00…  │
│       ▸  t_user_profile 38k │ │ 16 │   16 │ pendi… │  1│ t_order 有 1 处修改未保存，关闭会丢弃。 │ note 16                          │ 2026-09-01 00:16:00…  │
│        Views (0)            │ │ 17 │   17 │ runni… │  1│                                         │ line one↵line two after tab [31… │ 2026-09-01 00:17:00…  │
│ ▾  工作区                   │ │ 18 │   18 │ done   │  1│                        y 关闭   n 取消  │ <null>                           │ 2026-09-01 00:18:00…  │
│   ▾  data                   │ │ 19 │   19 │ failed │  1└─────────────────────────────────────────┘ note 19                          │ 2026-09-01 00:19:00…  │
│     ▾ ①                     │ │ 20 │   20 │ pendi… │  20.99 │ t    │ {"n": 20, "tags": ["a", "b… │ line one↵line two after tab [31… │ 2026-09-01 00:20:00…  │
│          t_order            │ │ 21 │   21 │ runni… │  21.99 │ t    │ {"n": 21, "tags": ["a", "b… │ <null>                           │ 2026-09-01 00:21:00…  │
│                              │ │ 22 │   22 │ done   │  22.99 │ t    │ {"n": 22, "tags": ["a", "b… │ note 22                          │ 2026-09-01 00:22:00…  │
│                              │ │ 23 │   23 │ failed │  23.99 │ t    │ {"n": 23, "tags": ["a", "b… │ line one↵line two after tab [31… │ 2026-09-01 00:23:00…  │
│                              │ │ 24 │   24 │ pendi… │  24.99 │ t    │ {"n": 24, "tags": ["a", "b… │ <null>                           │ 2026-09-01 00:24:00…  │
│                              │ │ 25 │   25 │ runni… │  25.99 │ t    │ {"n": 25, "tags": ["a", "b… │ note 25                          │ 2026-09-01 00:25:00…  │
│                              │ │ 26 │   26 │ done   │  26.99 │ t    │ {"n": 26, "tags": ["a", "b… │ line one↵line two after tab [31… │ 2026-09-01 00:26:00…  │
│                              │ │ 27 │   27 │ failed │  27.99 │ t    │ {"n": 27, "tags": ["a", "b… │ <null>                           │ 2026-09-01 00:27:00…  │
│                              │ │ 28 │   28 │ pendi… │  28.99 │ t    │ {"n": 28, "tags": ["a", "b… │ note 28                          │ 2026-09-01 00:28:00…  │
│                              │ │ 29 │   29 │ runni… │  29.99 │ t    │ {"n": 29, "tags": ["a", "b… │ line one↵line two after tab [31… │ 2026-09-01 00:29:00…  │
│                              │ │ 30 │   30 │ done   │  30.99 │ t    │ {"n": 30, "tags": ["a", "b… │ <null>                           │ 2026-09-01 00:30:00…  │
│                              │ │ 31 │   31 │ failed │  31.99 │ t    │ {"n": 31, "tags": ["a", "b… │ note 31                          │ 2026-09-01 00:31:00…  │
│                              │ │ 32 │   32 │ pendi… │  32.99 │ t    │ {"n": 32, "tags": ["a", "b… │ line one↵line two after tab [31… │ 2026-09-01 00:32:00…  │
│                              │ │ 33 │   33 │ runni… │  33.99 │ t    │ {"n": 33, "tags": ["a", "b… │ <null>                           │ 2026-09-01 00:33:00…  │
│                              │ │ 34 │   34 │ done   │  34.99 │ t    │ {"n": 34, "tags": ["a", "b… │ note 34                          │ 2026-09-01 00:34:00…  │
│                              │ │ 35 │   35 │ failed │  35.99 │ t    │ {"n": 35, "tags": ["a", "b… │ line one↵line two after tab [31… │ 2026-09-01 00:35:00…  │
│                              │ │ 36 │   36 │ pendi… │  36.99 │ t    │ {"n": 36, "tags": ["a", "b… │ <null>                           │ 2026-09-01 00:36:00…  │
│──────────────────────────────│ │ 37 │   37 │ runni… │  37.99 │ t    │ {"n": 37, "tags": ["a", "b… │ note 37                          │ 2026-09-01 00:37:00…  │
│ j/k move · ↵ open · t tab    │ │ 1:t_order* │ +                                                                               hjkl · ↵ edit · T 转置 · gt/gT │
└──────────────────────────────┘ └─────────────────────────────────────────────────────────────────────────────────────────────────────────────────────────────┘
  doraemon ▾  0: data*                                                                                                ·    1,1   pg@localhost:5432  COMMAND 