┌─ ⓪  public ▾ ─────── SPC b ─┐ ┌─ ①  ───────────────────────────────────────────────────────────────────────────────────────────────────────────────────────┐
│  14 tables                  │ │                                                                                                                             │
│──────────────────────────────│ │                                                                                                                             │
│  agent                  124 │ │                                                                                                                             │
│  agent_version          530 │ │                                                                                                                             │
│  goal                    57 │ │                                                                                                                             │
│  mt_task                812 │ │                                                                                                                             │
│  mt_task_log            96k┌─ 命令面板 ───────────────────────────────────────────────────────────────────────────────────────┐                             │
│  schema_migrations       88│  所有   窗口·Pane %   表 @   命令 >   SQL ;                                                      │                             │
│  t_order               1.2m│  ;select * from tx                                                                              │                             │
│  t_order_item          3.4m│──────────────────────────────────────────────────────────────────────────────────────────────────│                             │
│  t_payment             410k│ 100+ 行 · 12ms · 只读                                                                    C-y CSV │                             │
│  t_refund               12k│     │ id │ note                                                                                  │                             │
│  t_sku                 8.1k│─────┼────┼───────────────────────────────────────────────────────────────────────────────────────│                             │
│  t_user                 38k│   1 │  1 │ note 1                                                                                │                             │
│  t_user_address         52k│   2 │  2 │ <null>                                                                                │                             │
│  t_user_profile         38k│   3 │  3 │ note 3                                                                                │                             │
│                             │   4 │  4 │ <null>                                                                                │                             │
│                             │   5 │  5 │ note 5                                                                                │                             │
│                             │   6 │  6 │ <null>                                                                                │                             │
│                             │   7 │  7 │ note 7                                                                                │                             │
│                             │   8 │  8 │ <null>                                                                                │                             │
│                             │   9 │  9 │ note 9                                                                                │                             │
│                             │  10 │ 10 │ <null>                                                                                │                             │
│                             │  11 │ 11 │ note 11                                                                               │                             │
│                             │  12 │ 12 │ <null>                                                                                │                             │
│                             │  13 │ 13 │ note 13                                                                               │                             │
│                             │  14 │ 14 │ <null>                                                                                │                             │
│                             │  15 │ 15 │ note 15                                                                               │                             │
│                             │  16 │ 16 │ <null>                                                                                │                             │
│                             │  17 │ 17 │ note 17                                                                               │                             │
│                             │  18 │ 18 │ <null>                                                                                │                             │
│                             │  19 │ 19 │ note 19                                                                               │                             │
│                             │  20 │ 20 │ <null>                                                                                │                             │
│                             │  21 │ 21 │ note 21                                                                               │                             │
│                             │  22 │ 22 │ <null>                                                                                │                             │
│                             │  23 │ 23 │ note 23                                                                               │                             │
│                             │  24 │ 24 │ <null>                                                                                │                             │
│                             │  25 │ 25 │ note 25                                                                               │                             │
│                             │  26 │ 26 │ <null>                                                                                │                             │
│                             │──────────────────────────────────────────────────────────────────────────────────────────────────│                             │
│─────────────────────────────│ ↑/↓ 移动 · Tab/S-Tab 范围 · esc 关闭                                          已修改，↵ 重新执行 │                             │
│ j/k move · ↵ open · t tab   └──────────────────────────────────────────────────────────────────────────────────────────────────┘                             │
└──────────────────────────────┘ └─────────────────────────────────────────────────────────────────────────────────────────────────────────────────────────────┘
  doraemon ▾  0: data*                                                                                                     ·     pg@localhost:5432  COMMAND 