┌─ ⓪  public ▾ ─────── SPC b ─┐ ┌─ ①  ───────────────────────────────────────────────────────────────────────────────────────────────────────────────────────┐
│  14 tables                  │ │                                                                                                                             │
│──────────────────────────────│ │                                                                                                                             │
│  agent                  124 │ │                                                                                                                             │
│  agent_version          530 │ │                                                                                                                             │
│  goal                    57 │ │                                                                                                                             │
│  mt_task                812 │ │                                                                                                                             │
│  mt_task_log            96k┌─ 命令面板 ───────────────────────────────────────────────────────────────────────────────────────┐                             │
│  schema_migrations       88│  所有   窗口·Pane %   表 @   命令 >   SQL ;                                                      │                             │
│  t_order               1.2m│  ;                                                                                              │                             │
│  t_order_item          3.4m│──────────────────────────────────────────────────────────────────────────────────────────────────│                             │
│  t_payment             410k│  select id, note, created_at from t_order where id < 3 order by id                              │                             │
│  t_refund               12k│  select 1                                                                                       │                             │
│  t_sku                 8.1k│──────────────────────────────────────────────────────────────────────────────────────────────────│                             │
│  t_user                 38k│ ↑/↓ 移动 · Tab/S-Tab 范围 · esc 关闭                                                      ↵ 执行 │                             │
│  t_user_address         52k└──────────────────────────────────────────────────────────────────────────────────────────────────┘                             │
│  t_user_profile         38k │ │                                                                                                                             │
│                              │ │                                                                                                                             │
│                              │ │                                                                                                                             │
│                              │ │                                                                                                                             │
│                              │ │                                                                                                                             │
│                              │ │                                                                                                                             │
│                              │ │                                                                                                                             │
│                              │ │                                                                                                                             │
│                              │ │                                                                                                                             │
│                              │ │                                                                                                                             │
│                              │ │                                                                                                                             │
│                              │ │                                                                                                                             │
│                              │ │                                                                                                                             │
│                              │ │                                                                                                                             │
│                              │ │                                                                                                                             │
│                              │ │                                                                                                                             │
│                              │ │                                                                                                                             │
│                              │ │                                                                                                                             │
│                              │ │                                                                                                                             │
│                              │ │                                                                                                                             │
│                              │ │                                                                                                                             │
│                              │ │                                                                                                                             │
│                              │ │                                                                                                                             │
│                              │ │                                                                                                                             │
│                              │ │                                                                                                                             │
│──────────────────────────────│ │                                                                                                                             │
│ j/k move · ↵ open · t tab    │ │ +                                                                                                                           │
└──────────────────────────────┘ └─────────────────────────────────────────────────────────────────────────────────────────────────────────────────────────────┘
  doraemon ▾  0: data*                                                                                                     ·     pg@localhost:5432  COMMAND 