┌─ ⓪  doraemon ─────── SPC b ─┐ ┌─ ① ─────────────────────────────────────────────────────────────────────────────────────────────────────────────────────────┐
│  15 tables                  │ │                                                                                                                             │
│──────────────────────────────│ │                                                                                                                             │
│ ▾  doraemon                 │ │                                                                                                                             │
│   ▸  agentable              │ │                                                                                                                             │
│   ▾  public                 │ │                                                                                                                             │
│     ▾  Tables (14)          │ │                                                                                                                             │
│       ▸  agent          124┌─ 命令面板 ───────────────────────────────────────────────────────────────────────────────────────┐                             │
│       ▸  agent_version  530│  所有   窗口·Pane %   表 @   命令 >   SQL ;                                                      │                             │
│       ▸  goal            57│  @t_order                                                                                       │                             │
│       ▸  mt_task        812│──────────────────────────────────────────────────────────────────────────────────────────────────│                             │
│       ▸  mt_task_log    96k│  t_order       doraemon.public                                                               表 │                             │
│       ▸  schema_migrations │  t_order_item  doraemon.public                                                               表 │                             │
│       ▸  t_order       1.2m│──────────────────────────────────────────────────────────────────────────────────────────────────│                             │
│       ▸  t_order_item  3.4m│ create table public.t_order (                                                                    │                             │
│       ▸  t_payment     410k│   id bigint not null,                                                                            │                             │
│       ▸  t_refund       12k│   status text not null,                                                                          │                             │
│       ▸  t_sku         8.1k│   constraint t_order_pkey PRIMARY KEY (id)                                                       │                             │
│       ▸  t_user         38k│ );                                                                                               │                             │
│       ▸  t_user_address 52k│ CREATE INDEX t_order_status ON public.t_order USING btree (status);                              │                             │
│       ▸  t_user_profile 38k│──────────────────────────────────────────────────────────────────────────────────────────────────│                             │
│        Views (0)           │ ↑/↓ 移动 · Tab/S-Tab 范围 · esc 关闭                                                      ↵ 打开 │                             │
│ ▾  工作区                  └──────────────────────────────────────────────────────────────────────────────────────────────────┘                             │
│   ▾  data                   │ │                                                                                                                             │
│         pane-1               │ │                                                                                                                             │
│                              │ │                                                                                                                             │
│                              │ │                                                                                                                             │
│                              │ │                                                                                                                             │
│                              │ │                                                                                                                             │
│                              │ │                                                                                                                             │
│                              │ │                                                                                                                             │
│                              │ │                                                                                                                             │
│                              │ │                                                                                                                             │
│                              │ │                                                                                                                             │
│                              │ │                                                                                                                             │
│                              │ │                                                                                                                             │
│                              │ │                                                                                                                             │
│                              │ │                                                                                                                             │
│                              │ │                                                                                                                             │
│                              │ │                                                                                                                             │
│                              │ │                                                                                                                             │
│──────────────────────────────│ │                                                                                                                             │
│ j/k move · ↵ open            │ │ +                                                                                                                           │
└──────────────────────────────┘ └─────────────────────────────────────────────────────────────────────────────────────────────────────────────────────────────┘
  doraemon ▾  0: data*                                                                                                     ·     pg@localhost:5432  COMMAND 