┌─ ⓪  doraemon ─────── SPC b ─┐ ┌─ ① ────────────────────────────────────────────────────────────────┐ ┌─ ②  console_1 ──────── doraemon.public ▾  ▶ run  ↵ ─┐
│  an                    5/15 │ │                                                                    │ │   1                                                  │
│──────────────────────────────│ │                                                                    │ │                                                      │
│ ▾  doraemon                 │ │                                                                    │ │                                                      │
│   ▾  agentable              │ │                                                                    │ │                                                      │
│     ▾  Tables (1)           │ │                                                                    │ │                                                      │
│       ▸  planner          3 │ │                                                                    │ │                                                      │
│   ▾  public                 │ │                                                                    │ │                                                      │
│     ▾  Tables (14)          │ │                                                                    │ │                                                      │
│       ▸  agent          124 │ │                                                                    │ │                                                      │
│       ▸  agent_version  530 │ │                                                                    │ │                                                      │
│       ▸  schema_migrations  │ │                                                                    │ │                                                      │
│       ▸  t_payment     410k │ │                                                                    │ │                                                      │
│                              │ │                                                                    │ │                                                      │
│                              │ │                                                                    │ │                                                      │
│                              │ │                                                                    │ │                                                      │
│                              │ │                                                                    │ │                                                      │
│                              │ │                                                                    │ │                                                      │
│                              │ │                                                                    │ │                                                      │
│                              │ │                                                                    │ │                                                      │
│                              │ │                           打开表 t                                │ │                                                      │
│                              │ │                           新建 console c                          │ │                                                      │
│                              │ │                                                                    │ │                                                      │
│                              │ │                                                                    │ │                                                      │
│                              │ │                                                                    │ │                                                      │
│                              │ │                                                                    │ │                                                      │
│                              │ │                                                                    │ │                                                      │
│                              │ │                                                                    │ │                                                      │
│                              │ │                                                                    │ │                                                      │
│                              │ │                                                                    │ │                                                      │
│                              │ │                                                                    │ │                                                      │
│                              │ │                                                                    │ │                                                      │
│                              │ │                                                                    │ │                                                      │
│                              │ │                                                                    │ │                                                      │
│                              │ │                                                                    │ │                                                      │
│                              │ │                                                                    │ │                                                      │
│                              │ │                                                                    │ │                                                      │
│                              │ │                                                                    │ │                                                      │
│                              │ │                                                                    │ │                                                      │
│                              │ │                                                                    │ │                                                      │
│                              │ │                                                                    │ │                                                      │
│──────────────────────────────│ │                                                                    │ │                                                      │
│ j/k move · ↵ open            │ │ +                                                                  │ │ 1: console_1* │ +                             gt/gT │
└──────────────────────────────┘ └────────────────────────────────────────────────────────────────────┘ └──────────────────────────────────────────────────────┘
  doraemon ▾  0: data*                                                                                                      ·     pg@localhost:5432  INSERT 