┌─ ⓪  doraemon ─────── SPC b ─┐ ┌─ ①  t_order ──────────────────────────────────────────────────────┐ ┌─ ②  console_1 ──────── doraemon.public ▾  ▶ run  ↵ ─┐
│  15 tables                  │ │ WHERE                                                            ▾ │ │   1                                                  │
│──────────────────────────────│ │  ORDER id    LIMIT 100   PAGE 1/?   COLS 7/7                   │ │                                                      │
│ ▾  doraemon                 │ │    │  id │ status │ amount │ paid │ meta        │ note           ││ │                                                      │
│   ▸  agentable              │ │────┼──────┼────────┼────────┼──────┼─────────────┼────────────────┼│ │                                                      │
│   ▾  public                 │ │  1 │    1 │ runni… │   1.99 │ t    │ {"n": 1, "… │ note 1         ││ │                                                      │
│     ▾  Tables (14)          │ │  2 │    2 │ done   │   2.99 │ t    │ {"n": 2, "… │ line one↵line… ││ │                                                      │
│       ▸  agent          124 │ │  3 │    3 │ failed │   3.99 │ t    │ {"n": 3, "… │ <null>         ││ │                                                      │
│       ▸  agent_version  530 │ │  4 │    4 │ pendi… │   4.99 │ t    │ {"n": 4, "… │ note 4         ││ │                                                      │
│       ▸  goal            57 │ │  5 │    5 │ runni… │   5.99 │ t    │ {"n": 5, "… │ line one↵line… ││ │                                                      │
│       ▸  mt_task        812 │ │  6 │    6 │ done   │   6.99 │ t    │ {"n": 6, "… │ <null>         ││ │                                                      │
│       ▸  mt_task_log    96k │ │  7 │    7 │ failed │   7.99 │ t    │ {"n": 7, "… │ note 7         ││ │                                                      │
│       ▸  schema_migrations  │ │  8 │    8 │ pendi… │   8.99 │ t    │ {"n": 8, "… │ line one↵line… ││ │                                                      │
│       ▸  t_order       1.2m │ │  9 │    9 │ runni… │   9.99 │ t    │ {"n": 9, "… │ <null>         ││ │                                                      │
│       ▸  t_order_item  3.4m │ │ 10 │   10 │ done   │  10.99 │ t    │ {"n": 10, … │ note 10        ││ │                                                      │
│       ▸  t_payment     410k │ │ 11 │   11 │ failed │  11.99 │ t    │ {"n": 11, … │ line one↵line… ││ │                                                      │
│       ▸  t_refund       12k │ │ 12 │   12 │ pendi… │  12.99 │ t    │ {"n": 12, … │ <null>         ││ │                                                      │
│       ▸  t_sku         8.1k │ │ 13 │   13 │ runni… │  13.99 │ t    │ {"n": 13, … │ note 13        ││ │                                                      │
│       ▸  t_user         38k │ │ 14 │   14 │ done   │  14.99 │ t    │ {"n": 14, … │ line one↵line… ││ │                                                      │
│       ▸  t_user_address 52k │ │ 15 │   15 │ failed │  15.99 │ t    │ {"n": 15, … │ <null>         ││ │                                                      │
│       ▸  t_user_profile 38k │ │ 16 │   16 │ pendi… │  16.99 │ t    │ {"n": 16, … │ note 16        ││ │                                                      │
│        Views (0)            │ │ 17 │   17 │ runni… │  17.99 │ t    │ {"n": 17, … │ line one↵line… ││ │                                                      │
│ ▾  工作区                   │ │ 18 │   18 │ done   │  18.99 │ t    │ {"n": 18, … │ <null>         ││ │                                                      │
│   ▾  data                   │ │ 19 │   19 │ failed │  19.99 │ t    │ {"n": 19, … │ note 19        ││ │                                                      │
│     ▾ ①                      │ │ 20 │   20 │ pendi… │  20.99 │ t    │ {"n": 20, … │ line one↵line… ││ │                                                      │
│          t_order            │ │                                                                    │ │                                                      │
│     ▾ ②                      │ │                                                                    │ │                                                      │
│          console_1          │ │                                                                    │ │                                                      │
│                              │ │                                                                    │ │                                                      │
│                              │ │                                                                    │ │                                                      │
│                              │ │                                                                    │ │                                                      │
┌─ ? ──────────────────────────────────────────────────────────────────────────────────────────────────────────────────────────────────────────────────────────┐
│ [map.grid.normal]                                                                                                                                            │
│ J   → 5j                                                                                                                                                     │
│ [keys.grid]                                                                                                                                                  │
│ h   → 左移                  g   → …                     ↵   → 编辑单元格            x   → 关闭 tab              y   → …                                      │
│ j   → 下移                  G   → 最后一行              i   → 编辑单元格            /   → WHERE 条件            ?   → 键位帮助                               │
│ k   → 上移                  0   → 第一列                R   → 刷新                  ]   → 下一页                :   → 命令面板：命令                         │
│ l   → 右移                  $   → 最后一列              T   → 转置                  [   → 上一页                ;   → 快速 SQL                               │
│ [keys.normal]                                                                                                                                                │
│ C-h → 焦点移到左边          C-j → 焦点移到下边          C-k → 焦点移到上边          C-l → 焦点移到右边          SPC → …                                      │
│ [keys.global]                                                                                                                                                │
│ C-p → 命令面板              C-s → 保存                  C-c → 取消 / 连按两次退出                                                                            │
└──────────────────────────────────────────────────────────────────────────────────────────────────────────────────────────────────────────────────────────────┘
  doraemon ▾  0: data*                                                                                                ·    1,1   pg@localhost:5432  COMMAND 