┌─ ⓪  doraemon ─────── SPC b ─┐ ┌─ ① ─────────────────────────────────────────────────────────────────────────────────────────────────────────────────────────┐
│  15 tables                  │ │                                                                                                                             │
│──────────────────────────────│ │                                                                                                                             │
│ ▾  doraemon                 │ │                                                                                                                             │
│   ▸  agentable              │ │                                                                                                                             │
│   ▾  public                 │ │                                                                                                                             │
│     ▾  Tables (14)          │ │                                                                                                                             │
│       ▸  agent          124┌─ 命令面板 ───────────────────────────────────────────────────────────────────────────────────────┐                             │
│       ▸  agent_version  530│  所有   窗口·Pane %   表 @   命令 >   SQL ;                                                      │                             │
│       ▸  goal            57│  ;                                                                                              │                             │
│       ▸  mt_task        812│──────────────────────────────────────────────────────────────────────────────────────────────────│                             │
│       ▸  mt_task_log    96k│  select id, note, created_at from t_order where id < 3 order by id                              │                             │
│       ▸  schema_migrations │  select 1                                                                                       │                             │
│       ▸  t_order       1.2m│──────────────────────────────────────────────────────────────────────────────────────────────────│                             │
│       ▸  t_order_item  3.4m│ ↑/↓ 移动 · Tab/S-Tab 范围 · esc 关闭                                                      ↵ 执行 │                             │
│       ▸  t_payment     410k└──────────────────────────────────────────────────────────────────────────────────────────────────┘                             │
│       ▸  t_refund       12k │ │                                                                                                                             │
│       ▸  t_sku         8.1k │ │                                                                                                                             │
│       ▸  t_user         38k │ │                                                                                                                             │
│       ▸  t_user_address 52k │ │                                                                                                                             │
│       ▸  t_user_profile 38k │ │                                                       打开表 t                                                             │
│        Views (0)            │ │                                                       新建 console c                                                       │
│ ▾  工作区                   │ │                                                                                                                             │
│   ▾  data                   │ │                                                                                                                             │
│       ①                      │ │                                                                                                                             │
│                              │ │                                                                                                                             │
│                              │ │                                                                                                                             │
│                              │ │                                                                                                                             │
│                              │ │                                                                                                                             │
│                              │ │                                                                                                                             │
│                              │ │                                                                                                                             │
│                              │ │                                                                                                                             │
│                              │ │                                                                                                                             │
│                              │ │                                                                                                                             │
│                              │ │                                                                                                                             │
│                              │ │                                                                                                                             │
│                              │ │                                                                                                                             │
│                              │ │                                                                                                                             │
│                              │ │                                                                                                                             │
│                              │ │                                                                                                                             │
│                              │ │                                                                                                                             │
│──────────────────────────────│ │                                                                                                                             │
│ j/k move · ↵ open · t tab    │ │ +                                                                                                                           │
└──────────────────────────────┘ └─────────────────────────────────────────────────────────────────────────────────────────────────────────────────────────────┘
  doraemon ▾  0: data*                                                                                                     ·     pg@localhost:5432  COMMAND 