┌─ ⟨3⟩ = result · console_1 #1 ─────────────────────────────────────────────────────────── 3 行 · 0s  [R]   [T]   *   >   x  ─┐
┌─ ⟨3⟩ = result · console_…  3 行 · 0s  [R]   [T]   *   >   x  ─┐
┌─ ⟨3⟩ = result ──  [R]   [T]   *   >   x  ─┐
┌─ ⟨3⟩ = result ────  [R]   *   x  ─┐
┌─ ⟨3⟩ = result ──  [R]   x  ─┐
┌─ ⟨3⟩ = result ──  x  ─┐
┌─ ⟨3⟩ = result ────┐
┌─ ⟨3⟩ ─────────┐

│ 执行中 · 0s · C-c 取消                                                                                                      │

┌─ ⓪  doraemon ─────── SPC b ─┐ ┌─ ① ────────────────────────────────────────────────────────────────┐ ┌─ ②  console_1 ──────────────────────────  ▶ run  ↵ ─┐
│  15 tables                  │ │                                                                    │ │▶  1 select 1;                                        │
│──────────────────────────────│ │                                                                    │ │▶  2 select x;                                        │
│ ▾  doraemon                 │ │                                                                    │ │                                                      │
│   ▸  agentable              │ │                                                                    │ │                                                      │
│   ▾  public                 │ │                                                                    │ │                                                      │
│     ▾  Tables (14)          │ │                                                                    │ │                                                      │
│       ▸  agent          124 │ │                                                                    │ │                                                      │
│       ▸  agent_version  530 │ │                                                                    │ │                                                      │
│       ▸  goal            57 │ │                                                                    │ │                                                      │
│       ▸  mt_task        812 │ │                                                                    │ │                                                      │
│       ▸  mt_task_log    96k │ │                           打开表 t                                │ │                                                      │
│       ▸  schema_migrations  │ │                           新建 console c                          │ │                                                      │
│       ▸  t_order       1.2m │ │                                                                    │ │                                                      │
│       ▸  t_order_item  3.4m │ │                                                                    │ │                                                      │
│       ▸  t_payment     410k │ │                                                                    │ │                                                      │
│       ▸  t_refund       12k │ │                                                                    │ │                                                      │
│       ▸  t_sku         8.1k │ │                                                                    │ │                                                      │
│       ▸  t_user         38k │ │                                                                    │ │                                                      │
│       ▸  t_user_address 52k │ │                                                                    │ │                                                      │
│       ▸  t_user_profile 38k │ │                                                                    │ │                                                      │
│        Views (0)            │ │                                                                    │ │                                                      │
│ ▾  工作区                   │ │                                                                    │ │                                                      │
│   ▾  data                   │ │                                                                    │ │ column "x" does not exist                          × │
│         pane-1               │ │ +                                                                  │ │ 1: console_1* │ +                             gt/gT │
│     ▾   pane-2               │ └────────────────────────────────────────────────────────────────────┘ └──────────────────────────────────────────────────────┘
│            console_1        │ ┌─ ③  日志 ──────────────────────────────────────────────────────────────────────────────────────────────────────────────────┐
│     ▾   pane-3               │ │ 14:05:12  console_1  select 1  3 行 · 0s                                                                                    │
│            日志             │ │ 14:05:12  console_1  select x  ERROR: column "x" does not exist                                                             │
│            console_1 #1     │ │                                                                                                                             │
│                              │ │                                                                                                                             │
│                              │ │                                                                                                                             │
│                              │ │                                                                                                                             │
│                              │ │                                                                                                                             │
│                              │ │                                                                                                                             │
│                              │ │                                                                                                                             │
│                              │ │                                                                                                                             │
│                              │ │                                                                                                                             │
│                              │ │                                                                                                                             │
│                              │ │                                                                                                                             │
│                              │ │                                                                                                                             │
│──────────────────────────────│ │                                                                                                                             │
│ j/k move · ↵ open · t tab    │ │ 1: 日志* │ 2: console_1 #1                                                                          hjkl · T 转置 · gt/gT │
└──────────────────────────────┘ └─────────────────────────────────────────────────────────────────────────────────────────────────────────────────────────────┘
  doraemon ▾  0: data*                                                                                                      ·     pg@localhost:5432  NORMAL 