┌─ ⓪  doraemon ─────── SPC b ─┐ ┌─ ①  t_order ───────────────────────────────────────────────────────────────────────────────────────────────────────────────┐
│  15 tables                  │ │ WHERE                                                                                                                     ▾ │
│──────────────────────────────│ │  ORDER —   LIMIT 100   PAGE 1/?   COLS 0/0                                                                   auto · … 行 │
│ ▾  doraemon                 │ │                                                                                                                             │
│   ▸  agentable              │ │                                                                                                                             │
│   ▾  public                 │ │                                                                                                                             │
│     ▾  Tables (14)          │ │                                                                                                                             │
│       ▸  agent          124┌─ 命令面板 ───────────────────────────────────────────────────────────────────────────────────────┐                             │
│       ▸  agent_version  530│  选择 tab                                                                                        │                             │
│       ▸  goal            57│                                                                                                 │                             │
│       ▸  mt_task        812│──────────────────────────────────────────────────────────────────────────────────────────────────│                             │
│       ▸  mt_task_log    96k│  t_order  ① · 1 · status = 'done'                                                               │                             │
│       ▸  schema_migrations │  t_order  ① · 2                                                                                 │                             │
│       ▸  t_order       1.2m│──────────────────────────────────────────────────────────────────────────────────────────────────│                             │
│       ▸  t_order_item  3.4m│ ↑/↓ 移动 · esc 关闭                                                        ↵ 切过去 · C-t 新 tab │                             │
│       ▸  t_payment     410k└──────────────────────────────────────────────────────────────────────────────────────────────────┘                             │
│       ▸  t_refund       12k │ │                                                                                                                             │
│       ▸  t_sku         8.1k │ │                                                                                                                             │
│       ▸  t_user         38k │ │                                                                                                                             │
│       ▸  t_user_address 52k │ │                                                                                                                             │
│       ▸  t_user_profile 38k │ │                                                                                                                             │
│        Views (0)            │ │                                                                                                                             │
│ ▾  工作区                   │ │                                                                                                                             │
│   ▾  data                   │ │                                                                                                                             │
│     ▾ ①                     │ │                                                                                                                             │
│          t_order  status =… │ │                                                                                                                             │
│          t_order            │ │                                                                                                                             │
│                              │ │                                                                                                                             │
│                              │ │                                                                                                                             │
│                              │ │                                                                                                                             │
│                              │ │                                                                                                                             │
│                              │ │                                                                                                                             │
│                              │ │                                                                                                                             │
│                              │ │                                                                                                                             │
│                              │ │                                                                                                                             │
│                              │ │                                                                                                                             │
│                              │ │                                                                                                                             │
│                              │ │                                                                                                                             │
│                              │ │                                                                                                                             │
│                              │ │                                                                                                                             │
│                              │ │                                                                                                                             │
│──────────────────────────────│ │                                                                                                                             │
│ j/k move · ↵ open · t tab    │ │ 1:t_order- │ 2:t_order* │ +                                                                  hjkl · ↵ edit · T 转置 · gt/gT │
└──────────────────────────────┘ └─────────────────────────────────────────────────────────────────────────────────────────────────────────────────────────────┘
  doraemon ▾  0: data*                                                                                    ·     pg@localhost:5432  busy · C-c 取消  COMMAND 