┌─ ⟨0⟩ @ doraemon ─────┐ ┌─ ⟨1⟩ = data ────────────────────────────────────────┐
│ ? / 15 tables        │ │                                                     │
│──────────────────────│ │                                                     │
│ ▾ pg doraemon        │ │                                                     │
│   ▸ # agentable      │ │                                                     │
│   ▾ # public         │ │                                                     │
│     ▾ + Tables (14)  │ │                                                     │
│       ▸ + agent  124 │ │                                                     │
│       ▸ + agent_ver… │ │                                                     │
│       ▸ + goal    57 │ │                                                     │
│       ▸ + mt_task    │ │                                                     │
│       ▸ + mt_task_l… │ │                                                     │
│       ▸ + schema_mi… │ │                                                     │
│       ▸ + t_order    │ │                                                     │
│       ▸ + t_order_i… │ │                                                     │
│       ▸ + t_payment  │ │                                                     │
│       ▸ + t_refund   │ │                                                     │
│       ▸ + t_sku 8.1k │ │                                                     │
│       ▸ + t_user 38k │ │                                                     │
│       ▸ + t_user_ad… │ │                                                     │
│──────────────────────│ │                                                     │
│ j/k move · ↵ open    │ │ +                                                   │
└──────────────────────┘ └─────────────────────────────────────────────────────┘
 pg doraemon ▾  0: data*             ~ C-p  kb ·    @ pg@localhost:5432  NORMAL 