┌─ ⓪  public ▾ ─────── SPC b ─┐ ┌─ ①  ───────────────────────────────────────────────────────────────────────────────────────────────────────────────────────┐
│  14 tables                  │ │                                                                                                                             │
│──────────────────────────────│ │                                                                                                                             │
│  agent                  124 │ │                                                                                                                             │
│  agent_version          530 │ │                                                                                                                             │
│  goal                    57 │ │                                                                                                                             │
│  mt_task                812 │ │                                                                                                                             │
│  mt_task_log            96k │ │                                                                                                                             │
│  schema_migrations       88 │ │                                                                                                                             │
│  t_order               1.2M │ │                                                                                                                             │
│  t_order_item          3.4M │ │                                                                                                                             │
│  t_payment             410k │ │                                                                                                                             │
│  t_refund               12k │ │                                                                                                                             │
│  t_sku                 8.1k │ │                                                                                                                             │
│  t_user                 38k │ │                                                                                                                             │
│  t_user_address         52k │ │                                                                                                                             │
│  t_user_profile         38k │ │                                                                                                                             │
│                              │ │                                                                                                                             │
│                              │ │                                                                                                                             │
│                              │ │                                                                                                                             │
│                              │ │                                                                                                                             │
│                              │ │                                                                                                                             │
│                              │ │                                                                                                                             │
│                              │ │                                                                                                                             │
│                              │ │                                                                                                                             │
│                              │ │                                                                                                                             │
│                              │ │                                                                                                                             │
│                              │ │                                                                                                                             │
│                              │ │                                                                                                                             │
│                              │ │                                                                                                                             │
│                              │ │                                                                                                                             │
│                              │ │                                                                                                                             │
│                              │ │                                                                                                                             │
│                              │ │                                                                                                                             │
│                              │ │                                                                                                                             │
│                              │ │                                                                                                                             │
│                              │ │                                                                                                                             │
│                              │ │                                                                                                                             │
│                              │ │                                                                                                                             │
│                              │ │                                                                                                                             │
│                              │ │                                                                                                                             │
│──────────────────────────────│ │                                                                                                                             │
│ j/k move  ↵ open  t tab      │ │ +                                                                                                                           │
└──────────────────────────────┘ └─────────────────────────────────────────────────────────────────────────────────────────────────────────────────────────────┘
  doraemon ▾  0: data*                                                                                                 ·    1,1   pg@localhost:5432  NORMAL 