┌─ ⓪  doraemon ─────── SPC b ─┐ ┌─ ①  t_order ───────────────────────────────────────────────────────────────────────────────────────────────────────────────┐
│  15 tables                  │ │ WHERE                                                                                                                     ▾ │
│──────────────────────────────│ │  ORDER id    LIMIT 100   PAGE 1/?   COLS 7/7           2                                           auto · … 行 · 0s │
│ ▾  doraemon                 │ │   │  id    │ status │ amount  │ paid    │ meta                    │ note                          │ created_at             │
│   ▸  agentable              │ │───┼─────────┼────────┼─────────┼─────────┼─────────────────────────┼───────────────────────────────┼────────────────────────│
│   ▾  public                 │ │ 1 │       1 │ runni… │    1.99 │ t       │ {"n": 1, "tags": ["a",… │ note 1                        │ 2026-09-01 00:01:…     │
│     ▾  Tables (14)          │ │ 2 │       2 │ done   │    2.99 │ t       │ {"n": 2, "tags": ["a",… │ line one↵line two after tab … │ 2026-09-01 00:02:…     │
│       ▸  agent          124 │ │ + │ <defau… │ done   │ <defau… │ <defau… │ <default>               │ <default>                     │ <default>              │
│       ▸  agent_version  530 │ │ 3 │       3 │ failed │    3.99 │ t       │ {"n": 3, "tags": ["a",… │ <null>                        │ 2026-09-01 00:03:…     │
│       ▸  goal            57 │ │ − │       4 │ pendi… │    4.99 │ t       │ {"n": 4, "tags": ["a",… │ note 4                        │ 2026-09-01 00:04:…     │
│       ▸  mt_task        812 │ │ 5 │       5 │ runni… │    5.99 │ t       │ {"n": 5, "tags": ["a",… │ line one↵line two after tab … │ 2026-09-01 00:05:…     │
│       ▸  mt_task_log    96k │ │                                                                                                                             │
│       ▸  schema_migrations  │ │                                                                                                                             │
│       ▸  t_order       1.2m │ │                                                                                                                             │
│       ▸  t_order_item  3.4m │ │                                                                                                                             │
│       ▸  t_payment     410k │ │                                                                                                                             │
│       ▸  t_refund       12k │ │                                                                                                                             │
│       ▸  t_sku         8.1k │ │                                                                                                                             │
│       ▸  t_user         38k │ │                                                                                                                             │
│       ▸  t_user_address 52k │ │                                                                                                                             │
│       ▸  t_user_profile 38k │ │                                                                                                                             │
│        Views (0)            │ │                                                                                                                             │
│ ▾  工作区                   │ │                                                                                                                             │
│   ▾  data                   │ │                                                                                                                             │
│     ▾   pane-1               │ │                                                                                                                             │
│          t_order            │ │                                                                                                                             │
│                              │ │                                                                                                                             │
│                              │ │                                                                                                                             │
│                              │ │                                                                                                                             │
│                              │ │                                                                                                                             │
│                              │ │                                                                                                                             │
│                              │ │                                                                                                                             │
│                              │ │                                                                                                                             │
│                              │ │                                                                                                                             │
│                              │ │                                                                                                                             │
│                              │ │                                                                                                                             │
│                              │ │                                                                                                                             │
│                              │ │                                                                                                                             │
│                              │ │                                                                                                                             │
│                              │ │                                                                                                                             │
│                              │ │                                                                                                                             │
│──────────────────────────────│ │                                                                                                                             │
│ j/k move · ↵ open · t tab    │ │ 1: t_order* │ +                                                                             hjkl · ↵ edit · T 转置 · gt/gT │
└──────────────────────────────┘ └─────────────────────────────────────────────────────────────────────────────────────────────────────────────────────────────┘
  doraemon ▾  0: data*                                                                                                 ·    4,2   pg@localhost:5432  NORMAL 