┌─ ⓪  doraemon ─────── SPC b ─┐ ┌─ ① ────────────────────────────────────────────────────────────────┐ ┌─ ②  console_1 ──────── doraemon.public ▾  ▶ run  ↵ ─┐
│  15 tables                  │ │                                                                    │ │   1                                                  │
│──────────────────────────────│ │                                                                    │ │                                                      │
│ ▾  doraemon                 │ │                                                                    │ │                                                      │
│   ▸  agentable              │ │                                                                    │ │                                                      │
│   ▾  public                 │ │                                                                    │ │                                                      │
│     ▾  Tables (14)          │ │                                                                    │ │                                                      │
│       ▸  agent          124 │ │                                                                    │ │                                                      │
│       ▸  agent_version  530 │ │                                                                    │ │                                                      │
│       ▸  goal            57 │ │                                                                    │ │                                                      │
│       ▸  mt_task        812 │ │                                                                    │ │                                                      │
│       ▸  mt_task_log    96k │ │                                                                    │ │                                                      │
│       ▸  schema_migrations  │ │                                                                    │ │                                                      │
│       ▸  t_order       1.2m │ │                                                                    │ │                                                      │
│       ▸  t_order_item  3.4m │ │                                                                    │ │                                                      │
│       ▸  t_payment     410k │ │                                                                    │ │                                                      │
│       ▸  t_refund       12k │ │                                                                    │ │                                                      │
│       ▸  t_sku         8.1k │ │                                                                    │ │                                                      │
│       ▸  t_user         38k │ │                                                                    │ │                                                      │
│       ▸  t_user_address 52k │ │                                                                    │ │                                                      │
│       ▸  t_user_profile 38k │ │                           打开表 t                                │ │                                                      │
│        Views (0)            │ │                           新建 console c                          │ │                                                      │
│ ▾  工作区                   │ │                                                                    │ │                                                      │
│   ▾  data                   │ │                                                                    │ │                                                      │
│         pane-1               │ │                                                                    │ │                                                      │
│     ▾   pane-2               │ │                                                                    │ │                                                      │
│            console_1        │ │                                                                    │ │                                                      │
│                              │ │                                                                    │ │                                                      │
│                              │ │                                                                    │ │                                                      │
│                              │ │                                                                    │ │                                                      │
│                              │ │                                                                    │ │                                                      │
│                              │ │                                                                    │ │                                                      │
│                              │ │                                                                    │ │                                                      │
│                              │ │                                                                    │ │                                                      │
│                              │ │                                                                    │ │                                                      │
│                              │ │                                                                    │ │                                                      │
│                              │ │                                                                    │ │                                                      │
│                              │ │                                                                    │ │                                                      │
│                              │ │                                                                    │ │                                                      │
│                              │ │                                                                    │ │                                                      │
│                              │ │                                                                    │ │                                                      │
│──────────────────────────────│ │                                                                    │ │                                                      │
│ j/k move · ↵ open            │ │ +                                                                  │ │ 1: console_1* │ +                             gt/gT │
└──────────────────────────────┘ └────────────────────────────────────────────────────────────────────┘ └──────────────────────────────────────────────────────┘
  doraemon ▾  0: data*                                                                                                      ·     pg@localhost:5432  NORMAL 