┌─ ⓪  public ▾ ─────── SPC b ─┐ ┌─ ①  t_order ───────────────────────────────────────────────────────────────────────────────────────────────────────────────┐
│  14 tables                  │ │ WHERE                                                                                                                     ▾ │
│──────────────────────────────│ │  ORDER —   LIMIT 100   PAGE 1/?   COLS 0/0                                                                   auto · … 行 │
│  agent                  124 │ │                                                                                                                             │
│  agent_version          530 │ │                                                                                                                             │
│  goal                    57 │ │                                                                                                                             │
│  mt_task                812 │ │                                                                                                                             │
│  mt_task_log            96k┌─ 命令面板 ───────────────────────────────────────────────────────────────────────────────────────┐                             │
│  schema_migrations       88│  选择 tab                                                                                        │                             │
│  t_order               1.2m│                                                                                                 │                             │
│  t_order_item          3.4m│──────────────────────────────────────────────────────────────────────────────────────────────────│                             │
│  t_payment             410k│  t_order  ① · 1 · status = 'done'                                                               │                             │
│  t_refund               12k│  t_order  ① · 2                                                                                 │                             │
│  t_sku                 8.1k│──────────────────────────────────────────────────────────────────────────────────────────────────│                             │
│  t_user                 38k│ ↑/↓ 移动 · esc 关闭                                                        ↵ 切过去 · C-t 新 tab │                             │
│  t_user_address         52k└──────────────────────────────────────────────────────────────────────────────────────────────────┘                             │
│  t_user_profile         38k │ │                                                                                                                             │
│                              │ │                                                                                                                             │
│                              │ │                                                                                                                             │
│                              │ │                                                                                                                             │
│                              │ │                                                                                                                             │
│                              │ │                                                                                                                             │
│                              │ │                                                                                                                             │
│                              │ │                                                                                                                             │
│                              │ │                                                                                                                             │
│                              │ │                                                                                                                             │
│                              │ │                                                                                                                             │
│                              │ │                                                                                                                             │
│                              │ │                                                                                                                             │
│                              │ │                                                                                                                             │
│                              │ │                                                                                                                             │
│                              │ │                                                                                                                             │
│                              │ │                                                                                                                             │
│                              │ │                                                                                                                             │
│                              │ │                                                                                                                             │
│                              │ │                                                                                                                             │
│                              │ │                                                                                                                             │
│                              │ │                                                                                                                             │
│                              │ │                                                                                                                             │
│                              │ │                                                                                                                             │
│                              │ │                                                                                                                             │
│──────────────────────────────│ │                                                                                                                             │
│ j/k move · ↵ open · t tab    │ │ 1:t_order- │ 2:t_order* │ +                                                                  hjkl · ↵ edit · T 转置 · gt/gT │
└──────────────────────────────┘ └─────────────────────────────────────────────────────────────────────────────────────────────────────────────────────────────┘
  doraemon ▾  0: data*                                                                                    ·     pg@localhost:5432  busy · C-c 取消  COMMAND 