 |   1 -- the users                       |
 |.ddd.cccccccccccc.......................|
 |     rrrrrrrrrrrrrrrrrrrrrrrrrrrrrrrrrrr|
 |▶  2 select id, count(*) from t_user    |
 |>ddd.kkkkkk.....fffff....kkkk...........|
 |     rrrrrrrrrrrrrrrrrrrrrrrrrrrrrrrrrrr|
@|   3 where name = 'a' and n > 42        |
 |.....kkkkk........sss.kkk.....nn........|
 |     rrrrrrrrrrrrrrrrrrrrrrrrrrrrrrrrrrr|
 |   4 group by id;                       |
 |.ddd.kkkkk.kk...........................|
 |     rrrrrrrrrrrrrrrrrrrrrrrrrrrrrrrrrrr|
 |   5                                    |
 |.ddd....................................|
 |                                        |
 |▶  6 select now();                      |
 |>ddd.kkkkkk.fff.........................|
 |                                        |
 |                                        |
 |........................................|
 |                                        |
cursor 6,2
