 |   1 -- the users                       |
 |.ddd.cccccccccccc.......................|
 |                                        |
 |▶  2 select id, count(*) from t_user    |
 |>ddd.kkkkkk.....fffff.o..kkkk...........|
 |     vvvvvvvvvvvvvvvvvvvvvvvvvvvvvvvv   |
@|   3 where name = 'a' and n > 42        |
 |.....kkkkk......o.sss.kkk...o.nn........|
 |     vvvvvvvvvvvvvvvvvvvvvvvvvvvv       |
 |   4 group by id;                       |
 |.ddd.kkkkk.kk...........................|
 |                                        |
 |   5                                    |
 |.ddd....................................|
 |                                        |
 |▶  6 select now();                      |
 |>ddd.kkkkkk.fff.........................|
 |                                        |
 |                                        |
 |........................................|
 |                                        |
cursor 5,2
